INFO:     Started server process [27672]
INFO:     Waiting for application startup.
2026-08-18 21:00:42,385 INFO jobmatrix: JobMatrix запущен: http://127.0.0.1:8000 (demo=True)
2026-08-18 21:00:42,462 INFO jobmatrix: —бор: проверено 11, новых событий 3
INFO:     Application startup complete.
INFO:     Uvicorn running on http://127.0.0.1:8000 (Press CTRL+C to quit)
2026-08-18 21:02:42,528 INFO jobmatrix: —бор: проверено 11, новых событий 4
2026-08-18 21:04:42,606 INFO jobmatrix: —бор: проверено 11, новых событий 4
2026-08-18 21:06:42,682 INFO jobmatrix: —бор: проверено 11, новых событий 3
2026-08-18 21:08:42,748 INFO jobmatrix: —бор: проверено 11, новых событий 4
2026-08-18 21:10:42,830 INFO jobmatrix: —бор: проверено 11, новых событий 4
2026-08-18 21:12:42,896 INFO jobmatrix: —бор: проверено 11, новых событий 3
2026-08-18 21:14:42,953 INFO jobmatrix: —бор: проверено 11, новых событий 2
2026-08-18 21:16:43,037 INFO jobmatrix: —бор: проверено 11, новых событий 7
2026-08-18 21:18:43,114 INFO jobmatrix: —бор: проверено 11, новых событий 4
2026-08-18 21:20:43,204 INFO jobmatrix: —бор: проверено 11, новых событий 7
2026-08-18 21:22:43,279 INFO jobmatrix: —бор: проверено 11, новых событий 4
2026-08-18 21:24:43,362 INFO jobmatrix: —бор: проверено 11, новых событий 6
2026-08-18 21:26:43,460 INFO jobmatrix: —бор: проверено 11, новых событий 4
2026-08-18 21:28:43,547 INFO jobmatrix: —бор: проверено 11, новых событий 6
2026-08-18 21:30:43,612 INFO jobmatrix: —бор: проверено 11, новых событий 4
2026-08-18 21:32:43,667 INFO jobmatrix: —бор: проверено 11, новых событий 2
2026-08-18 21:34:43,726 INFO jobmatrix: —бор: проверено 11, новых событий 3
2026-08-18 21:36:43,817 INFO jobmatrix: —бор: проверено 11, новых событий 6
2026-08-18 21:38:43,882 INFO jobmatrix: —бор: проверено 11, новых событий 3
2026-08-18 21:40:43,966 INFO jobmatrix: —бор: проверено 11, новых событий 6
2026-08-18 21:42:44,050 INFO jobmatrix: —бор: проверено 11, новых событий 6
2026-08-18 21:44:44,127 INFO jobmatrix: —бор: проверено 11, новых событий 5
2026-08-18 21:46:44,206 INFO jobmatrix: —бор: проверено 11, новых событий 3
2026-08-18 21:48:44,253 INFO jobmatrix: —бор: проверено 11, новых событий 2
2026-08-18 21:50:44,352 INFO jobmatrix: —бор: проверено 11, новых событий 3
2026-08-18 21:52:44,646 INFO jobmatrix: —бор: проверено 11, новых событий 4
